// Jest Snapshot v1, https://goo.gl/fbAQLP

exports[`AccessDenied Page snapshots render AccessDenied Page 1`] = `
<div
  className="my-5 access-denied"
>
  <div
    className="mb-4 text-center"
  >
    <i
      className="fa fa-close fa-3x text-danger"
    />
  </div>
  <h5
    className="text-center mb-4"
  >
    ACCESS_DENIED_TITLE
  </h5>
  <div
    className="text-center"
  >
    <a
      className="text-decoration-none"
      href="/"
      onClick={[Function]}
    >
      <i
        className="fa fa-angle-left mr-2"
      />
      <span>
        ACCESS_DENIED_CTA
      </span>
    </a>
  </div>
</div>
`;
