// Jest Snapshot v1, https://goo.gl/fbAQLP

exports[`<ClipList/> ClipList snapshot snapshots Should render correctly 1`] = `
Array [
  <div
    className="table-responsive"
  >
    <table
      className="table table-striped clip-list"
    >
      <thead>
        <tr>
          <th>
            CLIP_LIST_COLUMN_ID
          </th>
          <th>
            CLIP_LIST_COLUMN_IMAGE
          </th>
          <th>
            CLIP_LIST_COLUMN_TITLE
          </th>
          <th>
            CLIP_LIST_COLUMN_SHOW
          </th>
          <th>
            CLIP_LIST_COLUMN_SEASON
          </th>
          <th>
            CLIP_LIST_COLUMN_STATUS
          </th>
          <th>
            CLIP_LIST_COLUMN_ACTIVATION_DATE
          </th>
          <th>
            CLIP_LIST_COLUMN_CREATOR
          </th>
          <th>
            CLIP_LIST_COLUMN_CREATION_DATE
          </th>
          <th>
            CLIP_LIST_COLUMN_UPDATE_DATE
          </th>
          <th>
            CLIP_LIST_COLUMN_ACTION
          </th>
        </tr>
      </thead>
      <tbody>
        <tr>
          <td>
            1
          </td>
          <td>
            <img
              alt="Logo"
              src=""
            />
          </td>
          <td>
            <div
              className="text-success"
              onClick={[Function]}
            >
              <b>
                Video Clip Name
              </b>
            </div>
          </td>
          <td>
            <div
              className="text-success"
              onClick={[Function]}
            >
              <b>
                Show Name
              </b>
            </div>
          </td>
          <td>
            2
          </td>
          <td>
            <div
              className="text-success"
              onClick={[Function]}
            >
              <b>
                Scheduled
              </b>
            </div>
          </td>
          <td>
            20/04/2019 14:35
          </td>
          <td>
            <div
              className="text-success"
              onClick={[Function]}
            >
              <b>
                Harry
              </b>
            </div>
          </td>
          <td>
            20/04/2019 14:35
          </td>
          <td>
            20/04/2019 14:35
          </td>
          <td>
            <div
              className="text-success"
              onClick={[Function]}
            >
              <div
                className="btn-group"
                onKeyDown={[Function]}
              >
                <button
                  aria-expanded={false}
                  aria-haspopup={true}
                  aria-label={null}
                  className="dropdown-toggle btn btn-secondary btn-lg"
                  onClick={[Function]}
                  type="button"
                >
                  CLIP_LIST_DEFAULT_DROPDOWN_ITEM
                </button>
                <div
                  aria-hidden={true}
                  className="dropdown-menu"
                  role="menu"
                  tabIndex="-1"
                >
                  <button
                    className="dropdown-item"
                    onClick={[Function]}
                    role="menuitem"
                    tabIndex="0"
                    type="button"
                  >
                    Activate
                  </button>
                  <button
                    className="dropdown-item"
                    onClick={[Function]}
                    role="menuitem"
                    tabIndex="0"
                    type="button"
                  >
                    Deactivate
                  </button>
                  <button
                    className="dropdown-item"
                    onClick={[Function]}
                    role="menuitem"
                    tabIndex="0"
                    type="button"
                  >
                    Edit
                  </button>
                  <button
                    className="dropdown-item"
                    onClick={[Function]}
                    role="menuitem"
                    tabIndex="0"
                    type="button"
                  >
                    Delete
                  </button>
                </div>
              </div>
            </div>
          </td>
        </tr>
        <tr>
          <td>
            2
          </td>
          <td>
            <img
              alt="Logo"
              src=""
            />
          </td>
          <td>
            <div
              className="text-success"
              onClick={[Function]}
            >
              <b>
                Video Clip Name
              </b>
            </div>
          </td>
          <td>
            <div
              className="text-success"
              onClick={[Function]}
            >
              <b>
                Show Name
              </b>
            </div>
          </td>
          <td>
            2
          </td>
          <td>
            <div
              className="text-success"
              onClick={[Function]}
            >
              <b>
                Scheduled
              </b>
            </div>
          </td>
          <td>
            20/04/2019 14:35
          </td>
          <td>
            <div
              className="text-success"
              onClick={[Function]}
            >
              <b>
                Harry
              </b>
            </div>
          </td>
          <td>
            20/04/2019 14:35
          </td>
          <td>
            20/04/2019 14:35
          </td>
          <td>
            <div
              className="text-success"
              onClick={[Function]}
            >
              <div
                className="btn-group"
                onKeyDown={[Function]}
              >
                <button
                  aria-expanded={false}
                  aria-haspopup={true}
                  aria-label={null}
                  className="dropdown-toggle btn btn-secondary btn-lg"
                  onClick={[Function]}
                  type="button"
                >
                  CLIP_LIST_DEFAULT_DROPDOWN_ITEM
                </button>
                <div
                  aria-hidden={true}
                  className="dropdown-menu"
                  role="menu"
                  tabIndex="-1"
                >
                  <button
                    className="dropdown-item"
                    onClick={[Function]}
                    role="menuitem"
                    tabIndex="0"
                    type="button"
                  >
                    Activate
                  </button>
                  <button
                    className="dropdown-item"
                    onClick={[Function]}
                    role="menuitem"
                    tabIndex="0"
                    type="button"
                  >
                    Deactivate
                  </button>
                  <button
                    className="dropdown-item"
                    onClick={[Function]}
                    role="menuitem"
                    tabIndex="0"
                    type="button"
                  >
                    Edit
                  </button>
                  <button
                    className="dropdown-item"
                    onClick={[Function]}
                    role="menuitem"
                    tabIndex="0"
                    type="button"
                  >
                    Delete
                  </button>
                </div>
              </div>
            </div>
          </td>
        </tr>
        <tr>
          <td>
            3
          </td>
          <td>
            <img
              alt="Logo"
              src=""
            />
          </td>
          <td>
            <div
              className="text-success"
              onClick={[Function]}
            >
              <b>
                Video Clip Name
              </b>
            </div>
          </td>
          <td>
            <div
              className="text-success"
              onClick={[Function]}
            >
              <b>
                Show Name
              </b>
            </div>
          </td>
          <td>
            2
          </td>
          <td>
            <div
              className="text-success"
              onClick={[Function]}
            >
              <b>
                Scheduled
              </b>
            </div>
          </td>
          <td>
            20/04/2019 14:35
          </td>
          <td>
            <div
              className="text-success"
              onClick={[Function]}
            >
              <b>
                Harry
              </b>
            </div>
          </td>
          <td>
            20/04/2019 14:35
          </td>
          <td>
            20/04/2019 14:35
          </td>
          <td>
            <div
              className="text-success"
              onClick={[Function]}
            >
              <div
                className="btn-group"
                onKeyDown={[Function]}
              >
                <button
                  aria-expanded={false}
                  aria-haspopup={true}
                  aria-label={null}
                  className="dropdown-toggle btn btn-secondary btn-lg"
                  onClick={[Function]}
                  type="button"
                >
                  CLIP_LIST_DEFAULT_DROPDOWN_ITEM
                </button>
                <div
                  aria-hidden={true}
                  className="dropdown-menu"
                  role="menu"
                  tabIndex="-1"
                >
                  <button
                    className="dropdown-item"
                    onClick={[Function]}
                    role="menuitem"
                    tabIndex="0"
                    type="button"
                  >
                    Activate
                  </button>
                  <button
                    className="dropdown-item"
                    onClick={[Function]}
                    role="menuitem"
                    tabIndex="0"
                    type="button"
                  >
                    Deactivate
                  </button>
                  <button
                    className="dropdown-item"
                    onClick={[Function]}
                    role="menuitem"
                    tabIndex="0"
                    type="button"
                  >
                    Edit
                  </button>
                  <button
                    className="dropdown-item"
                    onClick={[Function]}
                    role="menuitem"
                    tabIndex="0"
                    type="button"
                  >
                    Delete
                  </button>
                </div>
              </div>
            </div>
          </td>
        </tr>
        <tr>
          <td>
            4
          </td>
          <td>
            <img
              alt="Logo"
              src=""
            />
          </td>
          <td>
            <div
              className="text-success"
              onClick={[Function]}
            >
              <b>
                Video Clip Name
              </b>
            </div>
          </td>
          <td>
            <div
              className="text-success"
              onClick={[Function]}
            >
              <b>
                Show Name
              </b>
            </div>
          </td>
          <td>
            2
          </td>
          <td>
            <div
              className="text-success"
              onClick={[Function]}
            >
              <b>
                Scheduled
              </b>
            </div>
          </td>
          <td>
            20/04/2019 14:35
          </td>
          <td>
            <div
              className="text-success"
              onClick={[Function]}
            >
              <b>
                Harry
              </b>
            </div>
          </td>
          <td>
            20/04/2019 14:35
          </td>
          <td>
            20/04/2019 14:35
          </td>
          <td>
            <div
              className="text-success"
              onClick={[Function]}
            >
              <div
                className="btn-group"
                onKeyDown={[Function]}
              >
                <button
                  aria-expanded={false}
                  aria-haspopup={true}
                  aria-label={null}
                  className="dropdown-toggle btn btn-secondary btn-lg"
                  onClick={[Function]}
                  type="button"
                >
                  CLIP_LIST_DEFAULT_DROPDOWN_ITEM
                </button>
                <div
                  aria-hidden={true}
                  className="dropdown-menu"
                  role="menu"
                  tabIndex="-1"
                >
                  <button
                    className="dropdown-item"
                    onClick={[Function]}
                    role="menuitem"
                    tabIndex="0"
                    type="button"
                  >
                    Activate
                  </button>
                  <button
                    className="dropdown-item"
                    onClick={[Function]}
                    role="menuitem"
                    tabIndex="0"
                    type="button"
                  >
                    Deactivate
                  </button>
                  <button
                    className="dropdown-item"
                    onClick={[Function]}
                    role="menuitem"
                    tabIndex="0"
                    type="button"
                  >
                    Edit
                  </button>
                  <button
                    className="dropdown-item"
                    onClick={[Function]}
                    role="menuitem"
                    tabIndex="0"
                    type="button"
                  >
                    Delete
                  </button>
                </div>
              </div>
            </div>
          </td>
        </tr>
      </tbody>
    </table>
  </div>,
  <div />,
]
`;
